---
source: fud2/tests/tests.rs
assertion_line: 229
---
[
    "calyx",
    "calyx_py",
    "cider",
    "cider-debug",
    "cocotb-axi",
    "dahlia",
    "dat",
    "firrtl",
    "firrtl-with-primitives",
    "mrxl",
    "primitive-uses-json",
    "sim",
    "vcd",
    "verilog",
    "verilog-noverify",
    "verilog-refmem",
    "verilog-refmem-noverify",
    "xclbin",
    "xo",
    "yxi",
]
